Last login: Mon Oct  8 13:35:54 on ttys000
CODELAB-23:~ isaiahcherry$ ls
Applications	Downloads	Music		Pods
Desktop		Library		Pictures	Public
Documents	Movies		Podfile
CODELAB-23:~ isaiahcherry$ cd ~
CODELAB-23:~ isaiahcherry$ ls
Applications	Downloads	Music		Pods
Desktop		Library		Pictures	Public
Documents	Movies		Podfile
CODELAB-23:~ isaiahcherry$ https://github.com/Brandonv102/TeacherTime.git
-bash: https://github.com/Brandonv102/TeacherTime.git: No such file or directory
CODELAB-23:~ isaiahcherry$ git clone https://github.com/Brandonv102/TeacherTime.git
Cloning into 'TeacherTime'...
warning: You appear to have cloned an empty repository.
CODELAB-23:~ isaiahcherry$ cd TeacherTime
CODELAB-23:TeacherTime isaiahcherry$ git clone https://github.com/Brandonv102/TeacherTime.git
Cloning into 'TeacherTime'...
warning: You appear to have cloned an empty repository.
CODELAB-23:TeacherTime isaiahcherry$ git pull origin master
fatal: Couldn't find remote ref master
CODELAB-23:TeacherTime isaiahcherry$ ls
TeacherTime
CODELAB-23:TeacherTime isaiahcherry$ cd TeacherTime
CODELAB-23:TeacherTime isaiahcherry$ ls
CODELAB-23:TeacherTime isaiahcherry$ cd ..
CODELAB-23:TeacherTime isaiahcherry$ cd ~
CODELAB-23:~ isaiahcherry$ ls
Applications	Downloads	Music		Pods
Desktop		Library		Pictures	Public
Documents	Movies		Podfile		TeacherTime
CODELAB-23:~ isaiahcherry$ rm -rf TeacherTime/
CODELAB-23:~ isaiahcherry$ git clone https://github.com/Brandonv102/TeacherTime.git
Cloning into 'TeacherTime'...
warning: You appear to have cloned an empty repository.
CODELAB-23:~ isaiahcherry$ cd TeacherTime/
CODELAB-23:TeacherTime isaiahcherry$ ls
CODELAB-23:TeacherTime isaiahcherry$ ls
CODELAB-23:TeacherTime isaiahcherry$ ls
CODELAB-23:TeacherTime isaiahcherry$ ls
CODELAB-23:TeacherTime isaiahcherry$ git pull origin master
fatal: Couldn't find remote ref master
CODELAB-23:TeacherTime isaiahcherry$ git pull origin master
remote: Enumerating objects: 3, done.
remote: Counting objects: 100% (3/3), done.
remote: Total 3 (delta 0), reused 0 (delta 0), pack-reused 0
Unpacking objects: 100% (3/3), done.
From https://github.com/Brandonv102/TeacherTime
 * branch            master     -> FETCH_HEAD
 * [new branch]      master     -> origin/master
CODELAB-23:TeacherTime isaiahcherry$ ls
README.md
CODELAB-23:TeacherTime isaiahcherry$ git commit -m "I teached 1"

*** Please tell me who you are.

Run

  git config --global user.email "you@example.com"
  git config --global user.name "Your Name"

to set your account's default identity.
Omit --global to set the identity only in this repository.

fatal: empty ident name (for <isaiahcherry@codelab-23.rockhurst.int>) not allowed
CODELAB-23:TeacherTime isaiahcherry$ git add *
CODELAB-23:TeacherTime isaiahcherry$ git commit -m "I teached 1"

*** Please tell me who you are.

Run

  git config --global user.email "you@example.com"
  git config --global user.name "Your Name"

to set your account's default identity.
Omit --global to set the identity only in this repository.

fatal: empty ident name (for <isaiahcherry@codelab-23.rockhurst.int>) not allowed
CODELAB-23:TeacherTime isaiahcherry$ git config --global user.email "isaiahcherry@amdg.rockhursths.edu
> git config --global user.name "Isaiah Cherry"
> 
> git push origin master
> 
> 
> git add *
> git commit -m 'I teached 1"
CODELAB-23:TeacherTime isaiahcherry$ ls
README.md
CODELAB-23:TeacherTime isaiahcherry$ git add *
CODELAB-23:TeacherTime isaiahcherry$ git commit -m "I teached 1"

*** Please tell me who you are.

Run

  git config --global user.email "you@example.com"
  git config --global user.name "Your Name"

to set your account's default identity.
Omit --global to set the identity only in this repository.

fatal: empty ident name (for <isaiahcherry@amdg.rockhursths.edu
git config --global user.name Isaiah>) not allowed
CODELAB-23:TeacherTime isaiahcherry$ git push origin master
Username for 'https://github.com': IsaiahCherry
Password for 'https://IsaiahCherry@github.com': 
Everything up-to-date
CODELAB-23:TeacherTime isaiahcherry$ git add *
CODELAB-23:TeacherTime isaiahcherry$ git commit -m "I teached 1"

*** Please tell me who you are.

Run

  git config --global user.email "you@example.com"
  git config --global user.name "Your Name"

to set your account's default identity.
Omit --global to set the identity only in this repository.

fatal: empty ident name (for <isaiahcherry@amdg.rockhursths.edu
git config --global user.name Isaiah>) not allowed
CODELAB-23:TeacherTime isaiahcherry$ git config --global user.name "IsaiahCherr "
CODELAB-23:TeacherTime isaiahcherry$ git add *
CODELAB-23:TeacherTime isaiahcherry$ git commit -m "I teached 1"
On branch master
Your branch is up to date with 'origin/master'.

nothing to commit, working tree clean
CODELAB-23:TeacherTime isaiahcherry$ git push origin master
Everything up-to-date
CODELAB-23:TeacherTime isaiahcherry$ git add * 
CODELAB-23:TeacherTime isaiahcherry$ git commit -m "I teached 1"
On branch master
Your branch is up to date with 'origin/master'.

nothing to commit, working tree clean
CODELAB-23:TeacherTime isaiahcherry$ git push origin master
Everything up-to-date
CODELAB-23:TeacherTime isaiahcherry$ ls
README.md
CODELAB-23:TeacherTime isaiahcherry$ git add *
CODELAB-23:TeacherTime isaiahcherry$ git commit -m "I teached 1"
On branch master
Your branch is up to date with 'origin/master'.

nothing to commit, working tree clean
CODELAB-23:TeacherTime isaiahcherry$ git push origin master
Everything up-to-date
CODELAB-23:TeacherTime isaiahcherry$ git add *
CODELAB-23:TeacherTime isaiahcherry$ git commit -m "first commit"
[master a6dd888] first commit
 1 file changed, 6 insertions(+)
CODELAB-23:TeacherTime isaiahcherry$ git push origin master
Counting objects: 3, done.
Delta compression using up to 4 threads.
Compressing objects: 100% (2/2), done.
Writing objects: 100% (3/3), 344 bytes | 344.00 KiB/s, done.
Total 3 (delta 0), reused 0 (delta 0)
To https://github.com/Brandonv102/TeacherTime.git
   94cedcb..a6dd888  master -> master
CODELAB-23:TeacherTime isaiahcherry$ 
  [Restored Oct 11, 2018 at 10:35:40 AM]
Last login: Thu Oct 11 10:35:37 on console
Restored session: Mon Oct  8 14:13:07 CDT 2018
CODELAB-23:TeacherTime isaiahcherry$ cd ~
CODELAB-23:~ isaiahcherry$ cd desktop
CODELAB-23:desktop isaiahcherry$ https://github.com/Brandonv102/TeacherTime.git
-bash: https://github.com/Brandonv102/TeacherTime.git: No such file or directory
CODELAB-23:desktop isaiahcherry$ git clone https://github.com/Brandonv102/TeacherTime.git
Cloning into 'TeacherTime'...
remote: Enumerating objects: 6, done.
remote: Counting objects: 100% (6/6), done.
remote: Compressing objects: 100% (3/3), done.
Unpacking objects: 100% (6/6), done.
remote: Total 6 (delta 0), reused 3 (delta 0), pack-reused 0
CODELAB-23:desktop isaiahcherry$ 
CODELAB-23:desktop isaiahcherry$ 
CODELAB-23:desktop isaiahcherry$ 
CODELAB-23:desktop isaiahcherry$ 
CODELAB-23:desktop isaiahcherry$ cd ~
CODELAB-23:~ isaiahcherry$ cd ~
CODELAB-23:~ isaiahcherry$ ls
Applications	Downloads	Music		Pods
Desktop		Library		Pictures	Public
Documents	Movies		Podfile		TeacherTime
CODELAB-23:~ isaiahcherry$ ls
Applications	Downloads	Music		Pods
Desktop		Library		Pictures	Public
Documents	Movies		Podfile		TeacherTime
CODELAB-23:~ isaiahcherry$ mkdir Test1
CODELAB-23:~ isaiahcherry$ ls
Applications	Downloads	Music		Pods		Test1
Desktop		Library		Pictures	Public
Documents	Movies		Podfile		TeacherTime
CODELAB-23:~ isaiahcherry$ ls
Applications	Downloads	Music		Pods		Test1
Desktop		Library		Pictures	Public
Documents	Movies		Podfile		TeacherTime
CODELAB-23:~ isaiahcherry$ mkdir Test2
CODELAB-23:~ isaiahcherry$ mkdir Test3
CODELAB-23:~ isaiahcherry$ mkdir Test4
CODELAB-23:~ isaiahcherry$ mkdir Test5
CODELAB-23:~ isaiahcherry$ ls
Applications	Library		Podfile		Test1		Test5
Desktop		Movies		Pods		Test2
Documents	Music		Public		Test3
Downloads	Pictures	TeacherTime	Test4
CODELAB-23:~ isaiahcherry$ cd Test2
CODELAB-23:Test2 isaiahcherry$ git clone https://github.com/Brandonv102/TeacherTime.git
Cloning into 'TeacherTime'...
remote: Enumerating objects: 6, done.
remote: Counting objects: 100% (6/6), done.
remote: Compressing objects: 100% (3/3), done.
remote: Total 6 (delta 0), reused 3 (delta 0), pack-reused 0
Unpacking objects: 100% (6/6), done.
CODELAB-23:Test2 isaiahcherry$ ls
TeacherTime
CODELAB-23:Test2 isaiahcherry$ ls
TeacherTime
CODELAB-23:Test2 isaiahcherry$ cd TeahcerTime/
-bash: cd: TeahcerTime/: No such file or directory
CODELAB-23:Test2 isaiahcherry$ ls
TeacherTime
CODELAB-23:Test2 isaiahcherry$ TeacherTime/
-bash: TeacherTime/: is a directory
CODELAB-23:Test2 isaiahcherry$ ls
TeacherTime
CODELAB-23:Test2 isaiahcherry$ cd TeacherTime/
CODELAB-23:TeacherTime isaiahcherry$ ls
README.md
CODELAB-23:TeacherTime isaiahcherry$ cd ~
CODELAB-23:~ isaiahcherry$ cd Test3
CODELAB-23:Test3 isaiahcherry$ cd TeacherTime/
-bash: cd: TeacherTime/: No such file or directory
CODELAB-23:Test3 isaiahcherry$ ls
CODELAB-23:Test3 isaiahcherry$ cd Test3
-bash: cd: Test3: No such file or directory
CODELAB-23:Test3 isaiahcherry$ git clone https://github.com/Brandonv102/TeacherTime.git
Cloning into 'TeacherTime'...
remote: Enumerating objects: 6, done.
remote: Counting objects: 100% (6/6), done.
remote: Compressing objects: 100% (3/3), done.
remote: Total 6 (delta 0), reused 3 (delta 0), pack-reused 0
Unpacking objects: 100% (6/6), done.
CODELAB-23:Test3 isaiahcherry$ cd TeacherTime/
CODELAB-23:TeacherTime isaiahcherry$ ls
README.md
CODELAB-23:TeacherTime isaiahcherry$ ls
README.md
CODELAB-23:TeacherTime isaiahcherry$ git add *
CODELAB-23:TeacherTime isaiahcherry$ git commit -m "Initial commit"
On branch master
Your branch is up to date with 'origin/master'.

nothing to commit, working tree clean
CODELAB-23:TeacherTime isaiahcherry$ git push origin master
Everything up-to-date
CODELAB-23:TeacherTime isaiahcherry$ ls
README.md
CODELAB-23:TeacherTime isaiahcherry$ ls
README.md
CODELAB-23:TeacherTime isaiahcherry$ cd ..
CODELAB-23:Test3 isaiahcherry$ cd TeacherTime/
CODELAB-23:TeacherTime isaiahcherry$ ls
README.md
CODELAB-23:TeacherTime isaiahcherry$ git add *
CODELAB-23:TeacherTime isaiahcherry$ git commit
On branch master
Your branch is up to date with 'origin/master'.

nothing to commit, working tree clean
CODELAB-23:TeacherTime isaiahcherry$ git push origin master
Everything up-to-date
CODELAB-23:TeacherTime isaiahcherry$ git add *
CODELAB-23:TeacherTime isaiahcherry$ git commit -m "Message"
On branch master
Your branch is up to date with 'origin/master'.

nothing to commit, working tree clean
CODELAB-23:TeacherTime isaiahcherry$ git push origin master
Everything up-to-date
CODELAB-23:TeacherTime isaiahcherry$ git add *
CODELAB-23:TeacherTime isaiahcherry$ git commit -m "message"
On branch master
Your branch is up to date with 'origin/master'.

nothing to commit, working tree clean
CODELAB-23:TeacherTime isaiahcherry$ git push origin master
Everything up-to-date
CODELAB-23:TeacherTime isaiahcherry$ ls -a
.		..		.git		README.md
CODELAB-23:TeacherTime isaiahcherry$ cd TeacherTime/
-bash: cd: TeacherTime/: No such file or directory
CODELAB-23:TeacherTime isaiahcherry$ https://github.com/Brandonv102/TeacherTime.git
-bash: https://github.com/Brandonv102/TeacherTime.git: No such file or directory
CODELAB-23:TeacherTime isaiahcherry$ git add *
CODELAB-23:TeacherTime isaiahcherry$ git commit -m "message"
On branch master
Your branch is up to date with 'origin/master'.

nothing to commit, working tree clean
CODELAB-23:TeacherTime isaiahcherry$ git push origin master
Everything up-to-date
CODELAB-23:TeacherTime isaiahcherry$ ls
README.md
CODELAB-23:TeacherTime isaiahcherry$ cd ~
CODELAB-23:~ isaiahcherry$ ls
Applications	Library		Podfile		Test1		Test5
Desktop		Movies		Pods		Test2
Documents	Music		Public		Test3
Downloads	Pictures	TeacherTime	Test4
CODELAB-23:~ isaiahcherry$ cd Test2
CODELAB-23:Test2 isaiahcherry$ ls
TeacherTime
CODELAB-23:Test2 isaiahcherry$ cd TeacherTime/
CODELAB-23:TeacherTime isaiahcherry$ ls
README.md
CODELAB-23:TeacherTime isaiahcherry$ ls -a
.		..		.git		README.md
CODELAB-23:TeacherTime isaiahcherry$ git pull origin master
From https://github.com/Brandonv102/TeacherTime
 * branch            master     -> FETCH_HEAD
Already up to date.
CODELAB-23:TeacherTime isaiahcherry$ git add *
CODELAB-23:TeacherTime isaiahcherry$ git commit -m "HI"
On branch master
Your branch is up to date with 'origin/master'.

nothing to commit, working tree clean
CODELAB-23:TeacherTime isaiahcherry$ git push origin master
Everything up-to-date
CODELAB-23:TeacherTime isaiahcherry$ git pull origin master
From https://github.com/Brandonv102/TeacherTime
 * branch            master     -> FETCH_HEAD
Already up to date.
CODELAB-23:TeacherTime isaiahcherry$ git add *
CODELAB-23:TeacherTime isaiahcherry$ git commit -m "HI"
[master bf47b72] HI
 1 file changed, 1 insertion(+), 5 deletions(-)
CODELAB-23:TeacherTime isaiahcherry$ git push origin master
Counting objects: 3, done.
Delta compression using up to 4 threads.
Compressing objects: 100% (1/1), done.
Writing objects: 100% (3/3), 304 bytes | 304.00 KiB/s, done.
Total 3 (delta 0), reused 0 (delta 0)
To https://github.com/Brandonv102/TeacherTime.git
   a6dd888..bf47b72  master -> master
CODELAB-23:TeacherTime isaiahcherry$ 
